Component: ARM Compiler 5.06 update 4 (build 422) Tool: armlink [4d35d2]

==============================================================================

Section Cross References

    startup_stm32f10x_hd.o(RESET) refers to startup_stm32f10x_hd.o(.text) for Reset_Handler
    startup_stm32f10x_hd.o(RESET) refers to stm32f10x_it.o(.text) for NMI_Handler
    startup_stm32f10x_hd.o(RESET) refers to timeget.o(.text) for TIM3_IRQHandler
    startup_stm32f10x_hd.o(.text) refers to startup_stm32f10x_hd.o(STACK) for __initial_sp
    startup_stm32f10x_hd.o(.text) refers to entry.o(.ARM.Collect$$$$00000000) for __main
    main.o(.text) refers to memseta.o(.text) for __aeabi_memclr4
    main.o(.text) refers to system_stm32f10x.o(.text) for SystemInit
    main.o(.text) refers to delay.o(.text) for Delay_InitConfig
    main.o(.text) refers to gpio.o(.text) for GPIOInit
    main.o(.text) refers to usart1.o(.text) for Uart1Init
    main.o(.text) refers to timeget.o(.text) for TIM3_Int_Init
    main.o(.text) refers to rf.o(.text) for RFInit
    main.o(.text) refers to printf1.o(i.__0sprintf$1) for __2sprintf
    main.o(.text) refers to main.o(.data) for Counterflg
    main.o(.text) refers to rf.o(.bss) for revBuf
    main.o(.text) refers to rf.o(.data) for iRev
    rf.o(.text) refers to spi.o(.text) for SPI2_Init
    rf.o(.text) refers to sx1276-lora.o(.text) for RFM96_LoRaEntryRx
    rf.o(.text) refers to stm32f10x_gpio.o(.text) for GPIO_ReadInputDataBit
    rf.o(.text) refers to printf1.o(i.__0printf$1) for __2printf
    rf.o(.text) refers to delay.o(.text) for Delay_ms
    rf.o(.text) refers to rf.o(.bss) for revBuf
    rf.o(.text) refers to rf.o(.data) for iRev
    rf.o(.data) refers to rf.o(.conststring) for .conststring
    usart1.o(.text) refers to stm32f10x_usart.o(.text) for USART_ClockInit
    usart1.o(.text) refers to stm32f10x_gpio.o(.text) for GPIO_Init
    usart1.o(.text) refers to misc.o(.text) for NVIC_SetVectorTable
    usart1.o(.text) refers to stm32f10x_rcc.o(.text) for RCC_DeInit
    usart1.o(.text) refers to stm32f10x_flash.o(.text) for FLASH_SetLatency
    usart1.o(.text) refers to printf1.o(i.__0printf$1) for __2printf
    usart1.o(.text) refers to usart1.o(.data) for HSEStartUpStatus1
    i2c.o(.text) refers to delay.o(.text) for delay_us
    delay.o(.text) refers to delay.o(.data) for fac_us
    spi.o(.text) refers to stm32f10x_spi.o(.text) for SPI_I2S_DeInit
    spi.o(.text) refers to stm32f10x_rcc.o(.text) for RCC_APB2PeriphClockCmd
    spi.o(.text) refers to stm32f10x_gpio.o(.text) for GPIO_Init
    gpio.o(.text) refers to stm32f10x_rcc.o(.text) for RCC_APB2PeriphClockCmd
    gpio.o(.text) refers to stm32f10x_gpio.o(.text) for GPIO_Init
    sx1276-lora.o(.text) refers to stm32f10x_spi.o(.text) for SPI_I2S_GetFlagStatus
    sx1276-lora.o(.text) refers to stm32f10x_gpio.o(.text) for GPIO_ResetBits
    sx1276-lora.o(.text) refers to delay.o(.text) for delay_us
    sx1276-lora.o(.text) refers to sx1276-lora.o(.constdata) for RFM96FreqTbl
    sx1276-lora.o(.text) refers to sx1276-lora.o(.data) for gtmp
    timeget.o(.text) refers to stm32f10x_rcc.o(.text) for RCC_APB1PeriphClockCmd
    timeget.o(.text) refers to stm32f10x_tim.o(.text) for TIM_TimeBaseInit
    timeget.o(.text) refers to misc.o(.text) for NVIC_Init
    timeget.o(.text) refers to main.o(.data) for Msec
    stm32f10x_rcc.o(.text) refers to stm32f10x_rcc.o(.data) for APBAHBPrescTable
    stm32f10x_gpio.o(.text) refers to stm32f10x_rcc.o(.text) for RCC_APB2PeriphResetCmd
    stm32f10x_usart.o(.text) refers to stm32f10x_rcc.o(.text) for RCC_APB2PeriphResetCmd
    stm32f10x_i2c.o(.text) refers to stm32f10x_rcc.o(.text) for RCC_APB1PeriphResetCmd
    stm32f10x_spi.o(.text) refers to stm32f10x_rcc.o(.text) for RCC_APB2PeriphResetCmd
    stm32f10x_tim.o(.text) refers to stm32f10x_rcc.o(.text) for RCC_APB2PeriphResetCmd
    entry.o(.ARM.Collect$$$$00000000) refers (Special) to entry10a.o(.ARM.Collect$$$$0000000D) for __rt_final_cpp
    entry.o(.ARM.Collect$$$$00000000) refers (Special) to entry11a.o(.ARM.Collect$$$$0000000F) for __rt_final_exit
    entry.o(.ARM.Collect$$$$00000000) refers (Special) to entry7b.o(.ARM.Collect$$$$00000008) for _main_clock
    entry.o(.ARM.Collect$$$$00000000) refers (Special) to entry8b.o(.ARM.Collect$$$$0000000A) for _main_cpp_init
    entry.o(.ARM.Collect$$$$00000000) refers (Special) to entry9a.o(.ARM.Collect$$$$0000000B) for _main_init
    entry.o(.ARM.Collect$$$$00000000) refers (Special) to entry5.o(.ARM.Collect$$$$00000004) for _main_scatterload
    entry.o(.ARM.Collect$$$$00000000) refers (Special) to entry2.o(.ARM.Collect$$$$00000001) for _main_stk
    printfb.o(i.__0fprintf$bare) refers to printfb.o(i._printf_core) for _printf_core
    printfb.o(i.__0fprintf$bare) refers to usart1.o(.text) for fputc
    printfb.o(i.__0printf$bare) refers to printfb.o(i._printf_core) for _printf_core
    printfb.o(i.__0printf$bare) refers to usart1.o(.text) for fputc
    printfb.o(i.__0printf$bare) refers to stdout.o(.data) for __stdout
    printfb.o(i.__0snprintf$bare) refers to printfb.o(i._printf_core) for _printf_core
    printfb.o(i.__0snprintf$bare) refers to printfb.o(i._snputc) for _snputc
    printfb.o(i.__0sprintf$bare) refers to printfb.o(i._printf_core) for _printf_core
    printfb.o(i.__0sprintf$bare) refers to printfb.o(i._sputc) for _sputc
    printfb.o(i.__0vfprintf$bare) refers to printfb.o(i._printf_core) for _printf_core
    printfb.o(i.__0vfprintf$bare) refers to usart1.o(.text) for fputc
    printfb.o(i.__0vprintf$bare) refers to printfb.o(i._printf_core) for _printf_core
    printfb.o(i.__0vprintf$bare) refers to usart1.o(.text) for fputc
    printfb.o(i.__0vprintf$bare) refers to stdout.o(.data) for __stdout
    printfb.o(i.__0vsnprintf$bare) refers to printfb.o(i._printf_core) for _printf_core
    printfb.o(i.__0vsnprintf$bare) refers to printfb.o(i._snputc) for _snputc
    printfb.o(i.__0vsprintf$bare) refers to printfb.o(i._printf_core) for _printf_core
    printfb.o(i.__0vsprintf$bare) refers to printfb.o(i._sputc) for _sputc
    printf0.o(i.__0fprintf$0) refers to printf0.o(i._printf_core) for _printf_core
    printf0.o(i.__0fprintf$0) refers to usart1.o(.text) for fputc
    printf0.o(i.__0printf$0) refers to printf0.o(i._printf_core) for _printf_core
    printf0.o(i.__0printf$0) refers to usart1.o(.text) for fputc
    printf0.o(i.__0printf$0) refers to stdout.o(.data) for __stdout
    printf0.o(i.__0snprintf$0) refers to printf0.o(i._printf_core) for _printf_core
    printf0.o(i.__0snprintf$0) refers to printf0.o(i._snputc) for _snputc
    printf0.o(i.__0sprintf$0) refers to printf0.o(i._printf_core) for _printf_core
    printf0.o(i.__0sprintf$0) refers to printf0.o(i._sputc) for _sputc
    printf0.o(i.__0vfprintf$0) refers to printf0.o(i._printf_core) for _printf_core
    printf0.o(i.__0vfprintf$0) refers to usart1.o(.text) for fputc
    printf0.o(i.__0vprintf$0) refers to printf0.o(i._printf_core) for _printf_core
    printf0.o(i.__0vprintf$0) refers to usart1.o(.text) for fputc
    printf0.o(i.__0vprintf$0) refers to stdout.o(.data) for __stdout
    printf0.o(i.__0vsnprintf$0) refers to printf0.o(i._printf_core) for _printf_core
    printf0.o(i.__0vsnprintf$0) refers to printf0.o(i._snputc) for _snputc
    printf0.o(i.__0vsprintf$0) refers to printf0.o(i._printf_core) for _printf_core
    printf0.o(i.__0vsprintf$0) refers to printf0.o(i._sputc) for _sputc
    printf1.o(i.__0fprintf$1) refers to printf1.o(i._printf_core) for _printf_core
    printf1.o(i.__0fprintf$1) refers to usart1.o(.text) for fputc
    printf1.o(i.__0printf$1) refers to printf1.o(i._printf_core) for _printf_core
    printf1.o(i.__0printf$1) refers to usart1.o(.text) for fputc
    printf1.o(i.__0printf$1) refers to stdout.o(.data) for __stdout
    printf1.o(i.__0snprintf$1) refers to printf1.o(i._printf_core) for _printf_core
    printf1.o(i.__0snprintf$1) refers to printf1.o(i._snputc) for _snputc
    printf1.o(i.__0sprintf$1) refers to printf1.o(i._printf_core) for _printf_core
    printf1.o(i.__0sprintf$1) refers to printf1.o(i._sputc) for _sputc
    printf1.o(i.__0vfprintf$1) refers to printf1.o(i._printf_core) for _printf_core
    printf1.o(i.__0vfprintf$1) refers to usart1.o(.text) for fputc
    printf1.o(i.__0vprintf$1) refers to printf1.o(i._printf_core) for _printf_core
    printf1.o(i.__0vprintf$1) refers to usart1.o(.text) for fputc
    printf1.o(i.__0vprintf$1) refers to stdout.o(.data) for __stdout
    printf1.o(i.__0vsnprintf$1) refers to printf1.o(i._printf_core) for _printf_core
    printf1.o(i.__0vsnprintf$1) refers to printf1.o(i._snputc) for _snputc
    printf1.o(i.__0vsprintf$1) refers to printf1.o(i._printf_core) for _printf_core
    printf1.o(i.__0vsprintf$1) refers to printf1.o(i._sputc) for _sputc
    printf1.o(i._printf_core) refers to uidiv.o(.text) for __aeabi_uidivmod
    printf2.o(i.__0fprintf$2) refers to printf2.o(i._printf_core) for _printf_core
    printf2.o(i.__0fprintf$2) refers to usart1.o(.text) for fputc
    printf2.o(i.__0printf$2) refers to printf2.o(i._printf_core) for _printf_core
    printf2.o(i.__0printf$2) refers to usart1.o(.text) for fputc
    printf2.o(i.__0printf$2) refers to stdout.o(.data) for __stdout
    printf2.o(i.__0snprintf$2) refers to printf2.o(i._printf_core) for _printf_core
    printf2.o(i.__0snprintf$2) refers to printf2.o(i._snputc) for _snputc
    printf2.o(i.__0sprintf$2) refers to printf2.o(i._printf_core) for _printf_core
    printf2.o(i.__0sprintf$2) refers to printf2.o(i._sputc) for _sputc
    printf2.o(i.__0vfprintf$2) refers to printf2.o(i._printf_core) for _printf_core
    printf2.o(i.__0vfprintf$2) refers to usart1.o(.text) for fputc
    printf2.o(i.__0vprintf$2) refers to printf2.o(i._printf_core) for _printf_core
    printf2.o(i.__0vprintf$2) refers to usart1.o(.text) for fputc
    printf2.o(i.__0vprintf$2) refers to stdout.o(.data) for __stdout
    printf2.o(i.__0vsnprintf$2) refers to printf2.o(i._printf_core) for _printf_core
    printf2.o(i.__0vsnprintf$2) refers to printf2.o(i._snputc) for _snputc
    printf2.o(i.__0vsprintf$2) refers to printf2.o(i._printf_core) for _printf_core
    printf2.o(i.__0vsprintf$2) refers to printf2.o(i._sputc) for _sputc
    printf3.o(i.__0fprintf$3) refers to printf3.o(i._printf_core) for _printf_core
    printf3.o(i.__0fprintf$3) refers to usart1.o(.text) for fputc
    printf3.o(i.__0printf$3) refers to printf3.o(i._printf_core) for _printf_core
    printf3.o(i.__0printf$3) refers to usart1.o(.text) for fputc
    printf3.o(i.__0printf$3) refers to stdout.o(.data) for __stdout
    printf3.o(i.__0snprintf$3) refers to printf3.o(i._printf_core) for _printf_core
    printf3.o(i.__0snprintf$3) refers to printf3.o(i._snputc) for _snputc
    printf3.o(i.__0sprintf$3) refers to printf3.o(i._printf_core) for _printf_core
    printf3.o(i.__0sprintf$3) refers to printf3.o(i._sputc) for _sputc
    printf3.o(i.__0vfprintf$3) refers to printf3.o(i._printf_core) for _printf_core
    printf3.o(i.__0vfprintf$3) refers to usart1.o(.text) for fputc
    printf3.o(i.__0vprintf$3) refers to printf3.o(i._printf_core) for _printf_core
    printf3.o(i.__0vprintf$3) refers to usart1.o(.text) for fputc
    printf3.o(i.__0vprintf$3) refers to stdout.o(.data) for __stdout
    printf3.o(i.__0vsnprintf$3) refers to printf3.o(i._printf_core) for _printf_core
    printf3.o(i.__0vsnprintf$3) refers to printf3.o(i._snputc) for _snputc
    printf3.o(i.__0vsprintf$3) refers to printf3.o(i._printf_core) for _printf_core
    printf3.o(i.__0vsprintf$3) refers to printf3.o(i._sputc) for _sputc
    printf3.o(i._printf_core) refers to uidiv.o(.text) for __aeabi_uidivmod
    printf4.o(i.__0fprintf$4) refers to printf4.o(i._printf_core) for _printf_core
    printf4.o(i.__0fprintf$4) refers to usart1.o(.text) for fputc
    printf4.o(i.__0printf$4) refers to printf4.o(i._printf_core) for _printf_core
    printf4.o(i.__0printf$4) refers to usart1.o(.text) for fputc
    printf4.o(i.__0printf$4) refers to stdout.o(.data) for __stdout
    printf4.o(i.__0snprintf$4) refers to printf4.o(i._printf_core) for _printf_core
    printf4.o(i.__0snprintf$4) refers to printf4.o(i._snputc) for _snputc
    printf4.o(i.__0sprintf$4) refers to printf4.o(i._printf_core) for _printf_core
    printf4.o(i.__0sprintf$4) refers to printf4.o(i._sputc) for _sputc
    printf4.o(i.__0vfprintf$4) refers to printf4.o(i._printf_core) for _printf_core
    printf4.o(i.__0vfprintf$4) refers to usart1.o(.text) for fputc
    printf4.o(i.__0vprintf$4) refers to printf4.o(i._printf_core) for _printf_core
    printf4.o(i.__0vprintf$4) refers to usart1.o(.text) for fputc
    printf4.o(i.__0vprintf$4) refers to stdout.o(.data) for __stdout
    printf4.o(i.__0vsnprintf$4) refers to printf4.o(i._printf_core) for _printf_core
    printf4.o(i.__0vsnprintf$4) refers to printf4.o(i._snputc) for _snputc
    printf4.o(i.__0vsprintf$4) refers to printf4.o(i._printf_core) for _printf_core
    printf4.o(i.__0vsprintf$4) refers to printf4.o(i._sputc) for _sputc
    printf4.o(i._printf_core) refers to uldiv.o(.text) for __aeabi_uldivmod
    printf5.o(i.__0fprintf$5) refers to printf5.o(i._printf_core) for _printf_core
    printf5.o(i.__0fprintf$5) refers to usart1.o(.text) for fputc
    printf5.o(i.__0printf$5) refers to printf5.o(i._printf_core) for _printf_core
    printf5.o(i.__0printf$5) refers to usart1.o(.text) for fputc
    printf5.o(i.__0printf$5) refers to stdout.o(.data) for __stdout
    printf5.o(i.__0snprintf$5) refers to printf5.o(i._printf_core) for _printf_core
    printf5.o(i.__0snprintf$5) refers to printf5.o(i._snputc) for _snputc
    printf5.o(i.__0sprintf$5) refers to printf5.o(i._printf_core) for _printf_core
    printf5.o(i.__0sprintf$5) refers to printf5.o(i._sputc) for _sputc
    printf5.o(i.__0vfprintf$5) refers to printf5.o(i._printf_core) for _printf_core
    printf5.o(i.__0vfprintf$5) refers to usart1.o(.text) for fputc
    printf5.o(i.__0vprintf$5) refers to printf5.o(i._printf_core) for _printf_core
    printf5.o(i.__0vprintf$5) refers to usart1.o(.text) for fputc
    printf5.o(i.__0vprintf$5) refers to stdout.o(.data) for __stdout
    printf5.o(i.__0vsnprintf$5) refers to printf5.o(i._printf_core) for _printf_core
    printf5.o(i.__0vsnprintf$5) refers to printf5.o(i._snputc) for _snputc
    printf5.o(i.__0vsprintf$5) refers to printf5.o(i._printf_core) for _printf_core
    printf5.o(i.__0vsprintf$5) refers to printf5.o(i._sputc) for _sputc
    printf5.o(i._printf_core) refers to uldiv.o(.text) for __aeabi_uldivmod
    printf6.o(i.__0fprintf$6) refers to printf6.o(i._printf_core) for _printf_core
    printf6.o(i.__0fprintf$6) refers to usart1.o(.text) for fputc
    printf6.o(i.__0printf$6) refers to printf6.o(i._printf_core) for _printf_core
    printf6.o(i.__0printf$6) refers to usart1.o(.text) for fputc
    printf6.o(i.__0printf$6) refers to stdout.o(.data) for __stdout
    printf6.o(i.__0snprintf$6) refers to printf6.o(i._printf_core) for _printf_core
    printf6.o(i.__0snprintf$6) refers to printf6.o(i._snputc) for _snputc
    printf6.o(i.__0sprintf$6) refers to printf6.o(i._printf_core) for _printf_core
    printf6.o(i.__0sprintf$6) refers to printf6.o(i._sputc) for _sputc
    printf6.o(i.__0vfprintf$6) refers to printf6.o(i._printf_core) for _printf_core
    printf6.o(i.__0vfprintf$6) refers to usart1.o(.text) for fputc
    printf6.o(i.__0vprintf$6) refers to printf6.o(i._printf_core) for _printf_core
    printf6.o(i.__0vprintf$6) refers to usart1.o(.text) for fputc
    printf6.o(i.__0vprintf$6) refers to stdout.o(.data) for __stdout
    printf6.o(i.__0vsnprintf$6) refers to printf6.o(i._printf_core) for _printf_core
    printf6.o(i.__0vsnprintf$6) refers to printf6.o(i._snputc) for _snputc
    printf6.o(i.__0vsprintf$6) refers to printf6.o(i._printf_core) for _printf_core
    printf6.o(i.__0vsprintf$6) refers to printf6.o(i._sputc) for _sputc
    printf6.o(i._printf_core) refers to printf6.o(i._printf_pre_padding) for _printf_pre_padding
    printf6.o(i._printf_core) refers to uidiv.o(.text) for __aeabi_uidivmod
    printf6.o(i._printf_core) refers to printf6.o(i._printf_post_padding) for _printf_post_padding
    printf7.o(i.__0fprintf$7) refers to printf7.o(i._printf_core) for _printf_core
    printf7.o(i.__0fprintf$7) refers to usart1.o(.text) for fputc
    printf7.o(i.__0printf$7) refers to printf7.o(i._printf_core) for _printf_core
    printf7.o(i.__0printf$7) refers to usart1.o(.text) for fputc
    printf7.o(i.__0printf$7) refers to stdout.o(.data) for __stdout
    printf7.o(i.__0snprintf$7) refers to printf7.o(i._printf_core) for _printf_core
    printf7.o(i.__0snprintf$7) refers to printf7.o(i._snputc) for _snputc
    printf7.o(i.__0sprintf$7) refers to printf7.o(i._printf_core) for _printf_core
    printf7.o(i.__0sprintf$7) refers to printf7.o(i._sputc) for _sputc
    printf7.o(i.__0vfprintf$7) refers to printf7.o(i._printf_core) for _printf_core
    printf7.o(i.__0vfprintf$7) refers to usart1.o(.text) for fputc
    printf7.o(i.__0vprintf$7) refers to printf7.o(i._printf_core) for _printf_core
    printf7.o(i.__0vprintf$7) refers to usart1.o(.text) for fputc
    printf7.o(i.__0vprintf$7) refers to stdout.o(.data) for __stdout
    printf7.o(i.__0vsnprintf$7) refers to printf7.o(i._printf_core) for _printf_core
    printf7.o(i.__0vsnprintf$7) refers to printf7.o(i._snputc) for _snputc
    printf7.o(i.__0vsprintf$7) refers to printf7.o(i._printf_core) for _printf_core
    printf7.o(i.__0vsprintf$7) refers to printf7.o(i._sputc) for _sputc
    printf7.o(i._printf_core) refers to printf7.o(i._printf_pre_padding) for _printf_pre_padding
    printf7.o(i._printf_core) refers to uldiv.o(.text) for __aeabi_uldivmod
    printf7.o(i._printf_core) refers to printf7.o(i._printf_post_padding) for _printf_post_padding
    printf8.o(i.__0fprintf$8) refers to printf8.o(i._printf_core) for _printf_core
    printf8.o(i.__0fprintf$8) refers to usart1.o(.text) for fputc
    printf8.o(i.__0printf$8) refers to printf8.o(i._printf_core) for _printf_core
    printf8.o(i.__0printf$8) refers to usart1.o(.text) for fputc
    printf8.o(i.__0printf$8) refers to stdout.o(.data) for __stdout
    printf8.o(i.__0snprintf$8) refers to printf8.o(i._printf_core) for _printf_core
    printf8.o(i.__0snprintf$8) refers to printf8.o(i._snputc) for _snputc
    printf8.o(i.__0sprintf$8) refers to printf8.o(i._printf_core) for _printf_core
    printf8.o(i.__0sprintf$8) refers to printf8.o(i._sputc) for _sputc
    printf8.o(i.__0vfprintf$8) refers to printf8.o(i._printf_core) for _printf_core
    printf8.o(i.__0vfprintf$8) refers to usart1.o(.text) for fputc
    printf8.o(i.__0vprintf$8) refers to printf8.o(i._printf_core) for _printf_core
    printf8.o(i.__0vprintf$8) refers to usart1.o(.text) for fputc
    printf8.o(i.__0vprintf$8) refers to stdout.o(.data) for __stdout
    printf8.o(i.__0vsnprintf$8) refers to printf8.o(i._printf_core) for _printf_core
    printf8.o(i.__0vsnprintf$8) refers to printf8.o(i._snputc) for _snputc
    printf8.o(i.__0vsprintf$8) refers to printf8.o(i._printf_core) for _printf_core
    printf8.o(i.__0vsprintf$8) refers to printf8.o(i._sputc) for _sputc
    printf8.o(i._printf_core) refers to printf8.o(i._printf_pre_padding) for _printf_pre_padding
    printf8.o(i._printf_core) refers to uldiv.o(.text) for __aeabi_uldivmod
    printf8.o(i._printf_core) refers to printf8.o(i._printf_post_padding) for _printf_post_padding
    printfa.o(i.__0fprintf) refers (Special) to iusefp.o(.text) for __I$use$fp
    printfa.o(i.__0fprintf) refers to printfa.o(i._printf_core) for _printf_core
    printfa.o(i.__0fprintf) refers to usart1.o(.text) for fputc
    printfa.o(i.__0printf) refers (Special) to iusefp.o(.text) for __I$use$fp
    printfa.o(i.__0printf) refers to printfa.o(i._printf_core) for _printf_core
    printfa.o(i.__0printf) refers to usart1.o(.text) for fputc
    printfa.o(i.__0printf) refers to stdout.o(.data) for __stdout
    printfa.o(i.__0snprintf) refers (Special) to iusefp.o(.text) for __I$use$fp
    printfa.o(i.__0snprintf) refers to printfa.o(i._printf_core) for _printf_core
    printfa.o(i.__0snprintf) refers to printfa.o(i._snputc) for _snputc
    printfa.o(i.__0sprintf) refers (Special) to iusefp.o(.text) for __I$use$fp
    printfa.o(i.__0sprintf) refers to printfa.o(i._printf_core) for _printf_core
    printfa.o(i.__0sprintf) refers to printfa.o(i._sputc) for _sputc
    printfa.o(i.__0vfprintf) refers (Special) to iusefp.o(.text) for __I$use$fp
    printfa.o(i.__0vfprintf) refers to printfa.o(i._printf_core) for _printf_core
    printfa.o(i.__0vfprintf) refers to usart1.o(.text) for fputc
    printfa.o(i.__0vprintf) refers (Special) to iusefp.o(.text) for __I$use$fp
    printfa.o(i.__0vprintf) refers to printfa.o(i._printf_core) for _printf_core
    printfa.o(i.__0vprintf) refers to usart1.o(.text) for fputc
    printfa.o(i.__0vprintf) refers to stdout.o(.data) for __stdout
    printfa.o(i.__0vsnprintf) refers (Special) to iusefp.o(.text) for __I$use$fp
    printfa.o(i.__0vsnprintf) refers to printfa.o(i._printf_core) for _printf_core
    printfa.o(i.__0vsnprintf) refers to printfa.o(i._snputc) for _snputc
    printfa.o(i.__0vsprintf) refers (Special) to iusefp.o(.text) for __I$use$fp
    printfa.o(i.__0vsprintf) refers to printfa.o(i._printf_core) for _printf_core
    printfa.o(i.__0vsprintf) refers to printfa.o(i._sputc) for _sputc
    printfa.o(i._fp_digits) refers (Special) to iusefp.o(.text) for __I$use$fp
    printfa.o(i._fp_digits) refers to dmul.o(.text) for __aeabi_dmul
    printfa.o(i._fp_digits) refers to ddiv.o(.text) for __aeabi_ddiv
    printfa.o(i._fp_digits) refers to cdrcmple.o(.text) for __aeabi_cdrcmple
    printfa.o(i._fp_digits) refers to dadd.o(.text) for __aeabi_dadd
    printfa.o(i._fp_digits) refers to dfixul.o(.text) for __aeabi_d2ulz
    printfa.o(i._fp_digits) refers to uldiv.o(.text) for __aeabi_uldivmod
    printfa.o(i._printf_core) refers (Special) to iusefp.o(.text) for __I$use$fp
    printfa.o(i._printf_core) refers to printfa.o(i._printf_pre_padding) for _printf_pre_padding
    printfa.o(i._printf_core) refers to uldiv.o(.text) for __aeabi_uldivmod
    printfa.o(i._printf_core) refers to printfa.o(i._printf_post_padding) for _printf_post_padding
    printfa.o(i._printf_core) refers to printfa.o(i._fp_digits) for _fp_digits
    printfa.o(i._printf_core) refers to uidiv.o(.text) for __aeabi_uidivmod
    printfa.o(i._printf_post_padding) refers (Special) to iusefp.o(.text) for __I$use$fp
    printfa.o(i._printf_pre_padding) refers (Special) to iusefp.o(.text) for __I$use$fp
    printfa.o(i._snputc) refers (Special) to iusefp.o(.text) for __I$use$fp
    printfa.o(i._sputc) refers (Special) to iusefp.o(.text) for __I$use$fp
    entry2.o(.ARM.Collect$$$$00000001) refers to entry2.o(.ARM.Collect$$$$00002712) for __lit__00000000
    entry2.o(.ARM.Collect$$$$00002712) refers to startup_stm32f10x_hd.o(STACK) for __initial_sp
    entry2.o(__vectab_stack_and_reset_area) refers to startup_stm32f10x_hd.o(STACK) for __initial_sp
    entry2.o(__vectab_stack_and_reset_area) refers to entry.o(.ARM.Collect$$$$00000000) for __main
    entry5.o(.ARM.Collect$$$$00000004) refers to init.o(.text) for __scatterload
    entry9a.o(.ARM.Collect$$$$0000000B) refers to main.o(.text) for main
    entry9b.o(.ARM.Collect$$$$0000000C) refers to main.o(.text) for main
    uldiv.o(.text) refers to llushr.o(.text) for __aeabi_llsr
    uldiv.o(.text) refers to llshl.o(.text) for __aeabi_llsl
    dadd.o(.text) refers to llshl.o(.text) for __aeabi_llsl
    dadd.o(.text) refers to llsshr.o(.text) for __aeabi_lasr
    dadd.o(.text) refers to depilogue.o(.text) for _double_epilogue
    dmul.o(.text) refers to depilogue.o(.text) for _double_epilogue
    ddiv.o(.text) refers to depilogue.o(.text) for _double_round
    dfixul.o(.text) refers to llushr.o(.text) for __aeabi_llsr
    dfixul.o(.text) refers to llshl.o(.text) for __aeabi_llsl
    init.o(.text) refers to entry5.o(.ARM.Collect$$$$00000004) for __main_after_scatterload
    depilogue.o(.text) refers to llshl.o(.text) for __aeabi_llsl
    depilogue.o(.text) refers to llushr.o(.text) for __aeabi_llsr


==============================================================================

Removing Unused input sections from the image.

    Removing startup_stm32f10x_hd.o(HEAP), (0 bytes).
    Removing stm32f10x_it.o(.data), (2 bytes).
    Removing i2c.o(.text), (584 bytes).
    Removing core_cm3.o(.emb_text), (32 bytes).
    Removing system_stm32f10x.o(.constdata), (20 bytes).
    Removing stm32f10x_i2c.o(.text), (996 bytes).
    Removing dadd.o(.text), (334 bytes).
    Removing dmul.o(.text), (228 bytes).
    Removing ddiv.o(.text), (222 bytes).
    Removing dfixul.o(.text), (48 bytes).
    Removing cdrcmple.o(.text), (48 bytes).
    Removing depilogue.o(.text), (186 bytes).

12 unused section(s) (total 2700 bytes) removed from the image.

==============================================================================

Image Symbol Table

    Local Symbols

    Symbol Name                              Value     Ov Type        Size  Object(Section)

    ../clib/microlib/division.c              0x00000000   Number         0  uldiv.o ABSOLUTE
    ../clib/microlib/division.c              0x00000000   Number         0  uidiv.o ABSOLUTE
    ../clib/microlib/init/entry.s            0x00000000   Number         0  entry11a.o ABSOLUTE
    ../clib/microlib/init/entry.s            0x00000000   Number         0  entry2.o ABSOLUTE
    ../clib/microlib/init/entry.s            0x00000000   Number         0  entry7b.o ABSOLUTE
    ../clib/microlib/init/entry.s            0x00000000   Number         0  entry11b.o ABSOLUTE
    ../clib/microlib/init/entry.s            0x00000000   Number         0  entry5.o ABSOLUTE
    ../clib/microlib/init/entry.s            0x00000000   Number         0  entry8b.o ABSOLUTE
    ../clib/microlib/init/entry.s            0x00000000   Number         0  entry9a.o ABSOLUTE
    ../clib/microlib/init/entry.s            0x00000000   Number         0  entry9b.o ABSOLUTE
    ../clib/microlib/init/entry.s            0x00000000   Number         0  entry.o ABSOLUTE
    ../clib/microlib/init/entry.s            0x00000000   Number         0  entry10a.o ABSOLUTE
    ../clib/microlib/init/entry.s            0x00000000   Number         0  entry10b.o ABSOLUTE
    ../clib/microlib/init/entry.s            0x00000000   Number         0  entry8a.o ABSOLUTE
    ../clib/microlib/init/entry.s            0x00000000   Number         0  entry7a.o ABSOLUTE
    ../clib/microlib/longlong.c              0x00000000   Number         0  llsshr.o ABSOLUTE
    ../clib/microlib/longlong.c              0x00000000   Number         0  llshl.o ABSOLUTE
    ../clib/microlib/longlong.c              0x00000000   Number         0  llushr.o ABSOLUTE
    ../clib/microlib/printf/printf.c         0x00000000   Number         0  printfa.o ABSOLUTE
    ../clib/microlib/printf/printf.c         0x00000000   Number         0  printf8.o ABSOLUTE
    ../clib/microlib/printf/printf.c         0x00000000   Number         0  printf6.o ABSOLUTE
    ../clib/microlib/printf/printf.c         0x00000000   Number         0  printf4.o ABSOLUTE
    ../clib/microlib/printf/printf.c         0x00000000   Number         0  printf3.o ABSOLUTE
    ../clib/microlib/printf/printf.c         0x00000000   Number         0  printf1.o ABSOLUTE
    ../clib/microlib/printf/printf.c         0x00000000   Number         0  printf0.o ABSOLUTE
    ../clib/microlib/printf/printf.c         0x00000000   Number         0  printf2.o ABSOLUTE
    ../clib/microlib/printf/printf.c         0x00000000   Number         0  printfb.o ABSOLUTE
    ../clib/microlib/printf/printf.c         0x00000000   Number         0  printf7.o ABSOLUTE
    ../clib/microlib/printf/printf.c         0x00000000   Number         0  printf5.o ABSOLUTE
    ../clib/microlib/printf/stubs.s          0x00000000   Number         0  stubs.o ABSOLUTE
    ../clib/microlib/stdio/streams.c         0x00000000   Number         0  stdout.o ABSOLUTE
    ../clib/microlib/string/memset.c         0x00000000   Number         0  memseta.o ABSOLUTE
    ../clib/microlib/stubs.s                 0x00000000   Number         0  iusefp.o ABSOLUTE
    ../fplib/microlib/fpadd.c                0x00000000   Number         0  dadd.o ABSOLUTE
    ../fplib/microlib/fpdiv.c                0x00000000   Number         0  ddiv.o ABSOLUTE
    ../fplib/microlib/fpepilogue.c           0x00000000   Number         0  depilogue.o ABSOLUTE
    ../fplib/microlib/fpfix.c                0x00000000   Number         0  dfixul.o ABSOLUTE
    ../fplib/microlib/fpmul.c                0x00000000   Number         0  dmul.o ABSOLUTE
    ..\Source\Application\main\main.c        0x00000000   Number         0  main.o ABSOLUTE
    ..\Source\Application\main\rf.c          0x00000000   Number         0  rf.o ABSOLUTE
    ..\Source\Application\main\stm32f10x_it.c 0x00000000   Number         0  stm32f10x_it.o ABSOLUTE
    ..\Source\Drivers\Delay.c                0x00000000   Number         0  delay.o ABSOLUTE
    ..\Source\Drivers\I2C.c                  0x00000000   Number         0  i2c.o ABSOLUTE
    ..\Source\Drivers\SPI.c                  0x00000000   Number         0  spi.o ABSOLUTE
    ..\Source\Drivers\gpio.c                 0x00000000   Number         0  gpio.o ABSOLUTE
    ..\Source\Drivers\sx1276-LoRa.c          0x00000000   Number         0  sx1276-lora.o ABSOLUTE
    ..\Source\Drivers\sx1276-LoRaMisc.c      0x00000000   Number         0  sx1276-loramisc.o ABSOLUTE
    ..\Source\Drivers\timeget.c              0x00000000   Number         0  timeget.o ABSOLUTE
    ..\Source\Drivers\usart1.c               0x00000000   Number         0  usart1.o ABSOLUTE
    ..\Source\STM32_FWLib\CMSIS\core_cm3.c   0x00000000   Number         0  core_cm3.o ABSOLUTE
    ..\Source\STM32_FWLib\CMSIS\startup\startup_stm32f10x_hd.s 0x00000000   Number         0  startup_stm32f10x_hd.o ABSOLUTE
    ..\Source\STM32_FWLib\CMSIS\system_stm32f10x.c 0x00000000   Number         0  system_stm32f10x.o ABSOLUTE
    ..\Source\STM32_FWLib\FWlib\src\misc.c   0x00000000   Number         0  misc.o ABSOLUTE
    ..\Source\STM32_FWLib\FWlib\src\stm32f10x_flash.c 0x00000000   Number         0  stm32f10x_flash.o ABSOLUTE
    ..\Source\STM32_FWLib\FWlib\src\stm32f10x_gpio.c 0x00000000   Number         0  stm32f10x_gpio.o ABSOLUTE
    ..\Source\STM32_FWLib\FWlib\src\stm32f10x_i2c.c 0x00000000   Number         0  stm32f10x_i2c.o ABSOLUTE
    ..\Source\STM32_FWLib\FWlib\src\stm32f10x_rcc.c 0x00000000   Number         0  stm32f10x_rcc.o ABSOLUTE
    ..\Source\STM32_FWLib\FWlib\src\stm32f10x_spi.c 0x00000000   Number         0  stm32f10x_spi.o ABSOLUTE
    ..\Source\STM32_FWLib\FWlib\src\stm32f10x_tim.c 0x00000000   Number         0  stm32f10x_tim.o ABSOLUTE
    ..\Source\STM32_FWLib\FWlib\src\stm32f10x_usart.c 0x00000000   Number         0  stm32f10x_usart.o ABSOLUTE
    ..\\Source\\STM32_FWLib\\CMSIS\\core_cm3.c 0x00000000   Number         0  core_cm3.o ABSOLUTE
    cdrcmple.s                               0x00000000   Number         0  cdrcmple.o ABSOLUTE
    dc.s                                     0x00000000   Number         0  dc.o ABSOLUTE
    handlers.s                               0x00000000   Number         0  handlers.o ABSOLUTE
    init.s                                   0x00000000   Number         0  init.o ABSOLUTE
    RESET                                    0x08000000   Section      304  startup_stm32f10x_hd.o(RESET)
    .ARM.Collect$$$$00000000                 0x08000130   Section        0  entry.o(.ARM.Collect$$$$00000000)
    .ARM.Collect$$$$00000001                 0x08000130   Section        4  entry2.o(.ARM.Collect$$$$00000001)
    .ARM.Collect$$$$00000004                 0x08000134   Section        4  entry5.o(.ARM.Collect$$$$00000004)
    .ARM.Collect$$$$00000008                 0x08000138   Section        0  entry7b.o(.ARM.Collect$$$$00000008)
    .ARM.Collect$$$$0000000A                 0x08000138   Section        0  entry8b.o(.ARM.Collect$$$$0000000A)
    .ARM.Collect$$$$0000000B                 0x08000138   Section        8  entry9a.o(.ARM.Collect$$$$0000000B)
    .ARM.Collect$$$$0000000D                 0x08000140   Section        0  entry10a.o(.ARM.Collect$$$$0000000D)
    .ARM.Collect$$$$0000000F                 0x08000140   Section        0  entry11a.o(.ARM.Collect$$$$0000000F)
    .ARM.Collect$$$$00002712                 0x08000140   Section        4  entry2.o(.ARM.Collect$$$$00002712)
    __lit__00000000                          0x08000140   Data           4  entry2.o(.ARM.Collect$$$$00002712)
    .text                                    0x08000144   Section       48  startup_stm32f10x_hd.o(.text)
    .text                                    0x08000174   Section        0  main.o(.text)
    .text                                    0x080001f0   Section        0  stm32f10x_it.o(.text)
    .text                                    0x0800020c   Section        0  rf.o(.text)
    .text                                    0x080002c8   Section        0  usart1.o(.text)
    .text                                    0x08000444   Section        0  delay.o(.text)
    .text                                    0x08000518   Section        0  spi.o(.text)
    .text                                    0x080005d4   Section        0  gpio.o(.text)
    .text                                    0x0800074c   Section        0  sx1276-lora.o(.text)
    .text                                    0x08000b78   Section        0  timeget.o(.text)
    .text                                    0x08000c20   Section        0  system_stm32f10x.o(.text)
    SetSysClockTo72                          0x08000c21   Thumb Code   220  system_stm32f10x.o(.text)
    SetSysClock                              0x08000cfd   Thumb Code     8  system_stm32f10x.o(.text)
    .text                                    0x08000d58   Section        0  misc.o(.text)
    .text                                    0x08000e34   Section        0  stm32f10x_rcc.o(.text)
    .text                                    0x080011d4   Section        0  stm32f10x_gpio.o(.text)
    .text                                    0x08001504   Section        0  stm32f10x_usart.o(.text)
    .text                                    0x08001874   Section        0  stm32f10x_flash.o(.text)
    delay                                    0x080018fd   Thumb Code    26  stm32f10x_flash.o(.text)
    .text                                    0x08001da0   Section        0  stm32f10x_spi.o(.text)
    .text                                    0x080020a0   Section        0  stm32f10x_tim.o(.text)
    TI4_Config                               0x080023bf   Thumb Code    82  stm32f10x_tim.o(.text)
    TI3_Config                               0x08002423   Thumb Code    72  stm32f10x_tim.o(.text)
    TI2_Config                               0x08002495   Thumb Code    80  stm32f10x_tim.o(.text)
    TI1_Config                               0x080024f7   Thumb Code    56  stm32f10x_tim.o(.text)
    .text                                    0x08002c66   Section        0  memseta.o(.text)
    .text                                    0x08002c8a   Section        0  uidiv.o(.text)
    .text                                    0x08002cb8   Section       36  init.o(.text)
    i.__0printf$1                            0x08002cdc   Section        0  printf1.o(i.__0printf$1)
    i.__0sprintf$1                           0x08002cfc   Section        0  printf1.o(i.__0sprintf$1)
    i.__scatterload_copy                     0x08002d24   Section       14  handlers.o(i.__scatterload_copy)
    i.__scatterload_null                     0x08002d32   Section        2  handlers.o(i.__scatterload_null)
    i.__scatterload_zeroinit                 0x08002d34   Section       14  handlers.o(i.__scatterload_zeroinit)
    i._printf_core                           0x08002d44   Section        0  printf1.o(i._printf_core)
    _printf_core                             0x08002d45   Thumb Code   336  printf1.o(i._printf_core)
    i._sputc                                 0x08002e98   Section        0  printf1.o(i._sputc)
    _sputc                                   0x08002e99   Thumb Code    10  printf1.o(i._sputc)
    .constdata                               0x08002ea2   Section       52  sx1276-lora.o(.constdata)
    .conststring                             0x08002ed8   Section        7  rf.o(.conststring)
    .data                                    0x20000000   Section        5  main.o(.data)
    .data                                    0x20000008   Section        8  rf.o(.data)
    .data                                    0x20000010   Section        1  usart1.o(.data)
    .data                                    0x20000012   Section        4  delay.o(.data)
    fac_us                                   0x20000012   Data           1  delay.o(.data)
    fac_ms                                   0x20000014   Data           2  delay.o(.data)
    .data                                    0x20000016   Section        1  sx1276-lora.o(.data)
    .data                                    0x20000017   Section       20  stm32f10x_rcc.o(.data)
    APBAHBPrescTable                         0x20000017   Data          16  stm32f10x_rcc.o(.data)
    ADCPrescTable                            0x20000027   Data           4  stm32f10x_rcc.o(.data)
    .data                                    0x2000002c   Section        4  stdout.o(.data)
    .bss                                     0x20000030   Section      192  rf.o(.bss)
    STACK                                    0x200000f0   Section      512  startup_stm32f10x_hd.o(STACK)

    Global Symbols

    Symbol Name                              Value     Ov Type        Size  Object(Section)

    BuildAttributes$$THM_ISAv4$P$D$K$B$S$PE$A:L22UL41UL21$X:L11$S22US41US21$IEEE1$IW$USESV6$~STKCKD$USESV7$~SHL$OSPACE$ROPI$EBA8$MICROLIB$REQ8$PRES8$EABIv2 0x00000000   Number         0  anon$$obj.o ABSOLUTE
    __ARM_use_no_argv                        0x00000000   Number         0  main.o ABSOLUTE
    _printf_a                                0x00000000   Number         0  stubs.o ABSOLUTE
    _printf_c                                0x00000000   Number         0  stubs.o ABSOLUTE
    _printf_charcount                        0x00000000   Number         0  stubs.o ABSOLUTE
    _printf_d                                0x00000000   Number         0  stubs.o ABSOLUTE
    _printf_e                                0x00000000   Number         0  stubs.o ABSOLUTE
    _printf_f                                0x00000000   Number         0  stubs.o ABSOLUTE
    _printf_flags                            0x00000000   Number         0  stubs.o ABSOLUTE
    _printf_fp_dec                           0x00000000   Number         0  stubs.o ABSOLUTE
    _printf_fp_hex                           0x00000000   Number         0  stubs.o ABSOLUTE
    _printf_g                                0x00000000   Number         0  stubs.o ABSOLUTE
    _printf_i                                0x00000000   Number         0  stubs.o ABSOLUTE
    _printf_int_dec                          0x00000000   Number         0  stubs.o ABSOLUTE
    _printf_l                                0x00000000   Number         0  stubs.o ABSOLUTE
    _printf_lc                               0x00000000   Number         0  stubs.o ABSOLUTE
    _printf_ll                               0x00000000   Number         0  stubs.o ABSOLUTE
    _printf_lld                              0x00000000   Number         0  stubs.o ABSOLUTE
    _printf_lli                              0x00000000   Number         0  stubs.o ABSOLUTE
    _printf_llo                              0x00000000   Number         0  stubs.o ABSOLUTE
    _printf_llu                              0x00000000   Number         0  stubs.o ABSOLUTE
    _printf_llx                              0x00000000   Number         0  stubs.o ABSOLUTE
    _printf_longlong_dec                     0x00000000   Number         0  stubs.o ABSOLUTE
    _printf_longlong_hex                     0x00000000   Number         0  stubs.o ABSOLUTE
    _printf_longlong_oct                     0x00000000   Number         0  stubs.o ABSOLUTE
    _printf_ls                               0x00000000   Number         0  stubs.o ABSOLUTE
    _printf_mbtowc                           0x00000000   Number         0  stubs.o ABSOLUTE
    _printf_n                                0x00000000   Number         0  stubs.o ABSOLUTE
    _printf_o                                0x00000000   Number         0  stubs.o ABSOLUTE
    _printf_p                                0x00000000   Number         0  stubs.o ABSOLUTE
    _printf_percent                          0x00000000   Number         0  stubs.o ABSOLUTE
    _printf_pre_padding                      0x00000000   Number         0  stubs.o ABSOLUTE
    _printf_return_value                     0x00000000   Number         0  stubs.o ABSOLUTE
    _printf_s                                0x00000000   Number         0  stubs.o ABSOLUTE
    _printf_sizespec                         0x00000000   Number         0  stubs.o ABSOLUTE
    _printf_str                              0x00000000   Number         0  stubs.o ABSOLUTE
    _printf_truncate_signed                  0x00000000   Number         0  stubs.o ABSOLUTE
    _printf_truncate_unsigned                0x00000000   Number         0  stubs.o ABSOLUTE
    _printf_u                                0x00000000   Number         0  stubs.o ABSOLUTE
    _printf_wc                               0x00000000   Number         0  stubs.o ABSOLUTE
    _printf_wctomb                           0x00000000   Number         0  stubs.o ABSOLUTE
    _printf_widthprec                        0x00000000   Number         0  stubs.o ABSOLUTE
    _printf_x                                0x00000000   Number         0  stubs.o ABSOLUTE
    __cpp_initialize__aeabi_                  - Undefined Weak Reference
    __cxa_finalize                            - Undefined Weak Reference
    __decompress                              - Undefined Weak Reference
    _clock_init                               - Undefined Weak Reference
    _microlib_exit                            - Undefined Weak Reference
    __Vectors_Size                           0x00000130   Number         0  startup_stm32f10x_hd.o ABSOLUTE
    __Vectors                                0x08000000   Data           4  startup_stm32f10x_hd.o(RESET)
    __Vectors_End                            0x08000130   Data           0  startup_stm32f10x_hd.o(RESET)
    __main                                   0x08000131   Thumb Code     0  entry.o(.ARM.Collect$$$$00000000)
    _main_stk                                0x08000131   Thumb Code     0  entry2.o(.ARM.Collect$$$$00000001)
    _main_scatterload                        0x08000135   Thumb Code     0  entry5.o(.ARM.Collect$$$$00000004)
    __main_after_scatterload                 0x08000139   Thumb Code     0  entry5.o(.ARM.Collect$$$$00000004)
    _main_clock                              0x08000139   Thumb Code     0  entry7b.o(.ARM.Collect$$$$00000008)
    _main_cpp_init                           0x08000139   Thumb Code     0  entry8b.o(.ARM.Collect$$$$0000000A)
    _main_init                               0x08000139   Thumb Code     0  entry9a.o(.ARM.Collect$$$$0000000B)
    __rt_final_cpp                           0x08000141   Thumb Code     0  entry10a.o(.ARM.Collect$$$$0000000D)
    __rt_final_exit                          0x08000141   Thumb Code     0  entry11a.o(.ARM.Collect$$$$0000000F)
    SystemInit_ExtMemCtl                     0x08000145   Thumb Code     2  startup_stm32f10x_hd.o(.text)
    Reset_Handler                            0x08000147   Thumb Code    14  startup_stm32f10x_hd.o(.text)
    ADC3_IRQHandler                          0x08000167   Thumb Code     0  startup_stm32f10x_hd.o(.text)
    CAN1_RX1_IRQHandler                      0x08000167   Thumb Code     0  startup_stm32f10x_hd.o(.text)
    CAN1_SCE_IRQHandler                      0x08000167   Thumb Code     0  startup_stm32f10x_hd.o(.text)
    DMA1_Channel1_IRQHandler                 0x08000167   Thumb Code     0  startup_stm32f10x_hd.o(.text)
    DMA1_Channel2_IRQHandler                 0x08000167   Thumb Code     0  startup_stm32f10x_hd.o(.text)
    DMA1_Channel3_IRQHandler                 0x08000167   Thumb Code     0  startup_stm32f10x_hd.o(.text)
    DMA1_Channel4_IRQHandler                 0x08000167   Thumb Code     0  startup_stm32f10x_hd.o(.text)
    DMA1_Channel5_IRQHandler                 0x08000167   Thumb Code     0  startup_stm32f10x_hd.o(.text)
    DMA1_Channel6_IRQHandler                 0x08000167   Thumb Code     0  startup_stm32f10x_hd.o(.text)
    DMA1_Channel7_IRQHandler                 0x08000167   Thumb Code     0  startup_stm32f10x_hd.o(.text)
    DMA2_Channel1_IRQHandler                 0x08000167   Thumb Code     0  startup_stm32f10x_hd.o(.text)
    DMA2_Channel2_IRQHandler                 0x08000167   Thumb Code     0  startup_stm32f10x_hd.o(.text)
    DMA2_Channel3_IRQHandler                 0x08000167   Thumb Code     0  startup_stm32f10x_hd.o(.text)
    DMA2_Channel4_5_IRQHandler               0x08000167   Thumb Code     0  startup_stm32f10x_hd.o(.text)
    EXTI0_IRQHandler                         0x08000167   Thumb Code     0  startup_stm32f10x_hd.o(.text)
    EXTI15_10_IRQHandler                     0x08000167   Thumb Code     0  startup_stm32f10x_hd.o(.text)
    EXTI1_IRQHandler                         0x08000167   Thumb Code     0  startup_stm32f10x_hd.o(.text)
    EXTI2_IRQHandler                         0x08000167   Thumb Code     0  startup_stm32f10x_hd.o(.text)
    EXTI3_IRQHandler                         0x08000167   Thumb Code     0  startup_stm32f10x_hd.o(.text)
    EXTI4_IRQHandler                         0x08000167   Thumb Code     0  startup_stm32f10x_hd.o(.text)
    EXTI9_5_IRQHandler                       0x08000167   Thumb Code     0  startup_stm32f10x_hd.o(.text)
    FLASH_IRQHandler                         0x08000167   Thumb Code     0  startup_stm32f10x_hd.o(.text)
    FSMC_IRQHandler                          0x08000167   Thumb Code     0  startup_stm32f10x_hd.o(.text)
    I2C1_ER_IRQHandler                       0x08000167   Thumb Code     0  startup_stm32f10x_hd.o(.text)
    I2C1_EV_IRQHandler                       0x08000167   Thumb Code     0  startup_stm32f10x_hd.o(.text)
    I2C2_ER_IRQHandler                       0x08000167   Thumb Code     0  startup_stm32f10x_hd.o(.text)
    I2C2_EV_IRQHandler                       0x08000167   Thumb Code     0  startup_stm32f10x_hd.o(.text)
    PVD_IRQHandler                           0x08000167   Thumb Code     0  startup_stm32f10x_hd.o(.text)
    RCC_IRQHandler                           0x08000167   Thumb Code     0  startup_stm32f10x_hd.o(.text)
    RTCAlarm_IRQHandler                      0x08000167   Thumb Code     0  startup_stm32f10x_hd.o(.text)
    RTC_IRQHandler                           0x08000167   Thumb Code     0  startup_stm32f10x_hd.o(.text)
    SDIO_IRQHandler                          0x08000167   Thumb Code     0  startup_stm32f10x_hd.o(.text)
    SPI1_IRQHandler                          0x08000167   Thumb Code     0  startup_stm32f10x_hd.o(.text)
    SPI2_IRQHandler                          0x08000167   Thumb Code     0  startup_stm32f10x_hd.o(.text)
    SPI3_IRQHandler                          0x08000167   Thumb Code     0  startup_stm32f10x_hd.o(.text)
    TAMPER_IRQHandler                        0x08000167   Thumb Code     0  startup_stm32f10x_hd.o(.text)
    TIM1_BRK_IRQHandler                      0x08000167   Thumb Code     0  startup_stm32f10x_hd.o(.text)
    TIM1_CC_IRQHandler                       0x08000167   Thumb Code     0  startup_stm32f10x_hd.o(.text)
    TIM1_TRG_COM_IRQHandler                  0x08000167   Thumb Code     0  startup_stm32f10x_hd.o(.text)
    TIM1_UP_IRQHandler                       0x08000167   Thumb Code     0  startup_stm32f10x_hd.o(.text)
    TIM2_IRQHandler                          0x08000167   Thumb Code     0  startup_stm32f10x_hd.o(.text)
    TIM4_IRQHandler                          0x08000167   Thumb Code     0  startup_stm32f10x_hd.o(.text)
    TIM5_IRQHandler                          0x08000167   Thumb Code     0  startup_stm32f10x_hd.o(.text)
    TIM6_IRQHandler                          0x08000167   Thumb Code     0  startup_stm32f10x_hd.o(.text)
    TIM7_IRQHandler                          0x08000167   Thumb Code     0  startup_stm32f10x_hd.o(.text)
    TIM8_BRK_IRQHandler                      0x08000167   Thumb Code     0  startup_stm32f10x_hd.o(.text)
    TIM8_CC_IRQHandler                       0x08000167   Thumb Code     0  startup_stm32f10x_hd.o(.text)
    TIM8_TRG_COM_IRQHandler                  0x08000167   Thumb Code     0  startup_stm32f10x_hd.o(.text)
    TIM8_UP_IRQHandler                       0x08000167   Thumb Code     0  startup_stm32f10x_hd.o(.text)
    UART4_IRQHandler                         0x08000167   Thumb Code     0  startup_stm32f10x_hd.o(.text)
    UART5_IRQHandler                         0x08000167   Thumb Code     0  startup_stm32f10x_hd.o(.text)
    USART1_IRQHandler                        0x08000167   Thumb Code     0  startup_stm32f10x_hd.o(.text)
    USART2_IRQHandler                        0x08000167   Thumb Code     0  startup_stm32f10x_hd.o(.text)
    USART3_IRQHandler                        0x08000167   Thumb Code     0  startup_stm32f10x_hd.o(.text)
    USBWakeUp_IRQHandler                     0x08000167   Thumb Code     0  startup_stm32f10x_hd.o(.text)
    USB_HP_CAN1_TX_IRQHandler                0x08000167   Thumb Code     0  startup_stm32f10x_hd.o(.text)
    USB_LP_CAN1_RX0_IRQHandler               0x08000167   Thumb Code     0  startup_stm32f10x_hd.o(.text)
    WWDG_IRQHandler                          0x08000167   Thumb Code     0  startup_stm32f10x_hd.o(.text)
    main                                     0x08000175   Thumb Code    96  main.o(.text)
    NMI_Handler                              0x080001f1   Thumb Code     2  stm32f10x_it.o(.text)
    HardFault_Handler                        0x080001f3   Thumb Code     4  stm32f10x_it.o(.text)
    MemManage_Handler                        0x080001f7   Thumb Code     4  stm32f10x_it.o(.text)
    BusFault_Handler                         0x080001fb   Thumb Code     4  stm32f10x_it.o(.text)
    UsageFault_Handler                       0x080001ff   Thumb Code     4  stm32f10x_it.o(.text)
    SVC_Handler                              0x08000203   Thumb Code     2  stm32f10x_it.o(.text)
    DebugMon_Handler                         0x08000205   Thumb Code     2  stm32f10x_it.o(.text)
    PendSV_Handler                           0x08000207   Thumb Code     2  stm32f10x_it.o(.text)
    SysTick_Handler                          0x08000209   Thumb Code     2  stm32f10x_it.o(.text)
    ADC1_2_IRQHandler                        0x0800020b   Thumb Code     2  stm32f10x_it.o(.text)
    RFInit                                   0x0800020d   Thumb Code    12  rf.o(.text)
    RFRxMode                                 0x08000219   Thumb Code     8  rf.o(.text)
    RFRevData                                0x08000221   Thumb Code    48  rf.o(.text)
    RFSendData                               0x08000251   Thumb Code    94  rf.o(.text)
    USART_Configuration1                     0x080002c9   Thumb Code    86  usart1.o(.text)
    GPIO_Configuration1                      0x0800031f   Thumb Code    54  usart1.o(.text)
    NVIC_Configuration1                      0x08000355   Thumb Code    14  usart1.o(.text)
    RCC_Configuration1                       0x08000363   Thumb Code   120  usart1.o(.text)
    Uart1Init                                0x080003db   Thumb Code    26  usart1.o(.text)
    fputc                                    0x080003f5   Thumb Code    32  usart1.o(.text)
    Delay_InitConfig                         0x08000445   Thumb Code    56  delay.o(.text)
    delay_us                                 0x0800047d   Thumb Code    70  delay.o(.text)
    delay_ms                                 0x080004c3   Thumb Code    56  delay.o(.text)
    Delay_ms                                 0x080004fb   Thumb Code    20  delay.o(.text)
    SPI2_Init                                0x08000519   Thumb Code   128  spi.o(.text)
    SPI_ExchangeByte                         0x08000599   Thumb Code    50  spi.o(.text)
    Led_Driver_Init                          0x080005d5   Thumb Code    38  gpio.o(.text)
    I2C_GPIO_Config                          0x080005fb   Thumb Code    56  gpio.o(.text)
    RFGPIOInit                               0x08000633   Thumb Code   110  gpio.o(.text)
    GPIOInit                                 0x080006a1   Thumb Code   160  gpio.o(.text)
    RF_GpioInt                               0x0800074d   Thumb Code     2  sx1276-lora.o(.text)
    SPICmd8bit                               0x0800074f   Thumb Code    50  sx1276-lora.o(.text)
    SPIRead8bit                              0x08000781   Thumb Code    10  sx1276-lora.o(.text)
    SPIRead                                  0x0800078b   Thumb Code    42  sx1276-lora.o(.text)
    SPIWrite                                 0x080007b5   Thumb Code    42  sx1276-lora.o(.text)
    SPIBurstRead                             0x080007df   Thumb Code    70  sx1276-lora.o(.text)
    BurstWrite                               0x08000825   Thumb Code    60  sx1276-lora.o(.text)
    RFM96_Standby                            0x08000861   Thumb Code    12  sx1276-lora.o(.text)
    RFM96_Sleep                              0x0800086d   Thumb Code    12  sx1276-lora.o(.text)
    RFM96_EntryLoRa                          0x08000879   Thumb Code    12  sx1276-lora.o(.text)
    RFM96_LoRaClearIrq                       0x08000885   Thumb Code    12  sx1276-lora.o(.text)
    RFM96_Config                             0x08000891   Thumb Code   316  sx1276-lora.o(.text)
    RFM96_LoRaEntryRx                        0x080009cd   Thumb Code    78  sx1276-lora.o(.text)
    RFM96_LoRaRxWaitStable                   0x08000a1b   Thumb Code    14  sx1276-lora.o(.text)
    RFM96_LoRaRxPacket                       0x08000a29   Thumb Code    94  sx1276-lora.o(.text)
    RFM96_LoRaEntryTx                        0x08000a87   Thumb Code   116  sx1276-lora.o(.text)
    RFM96_LoRaTxPacket                       0x08000afb   Thumb Code   126  sx1276-lora.o(.text)
    TIM3_Int_Init                            0x08000b79   Thumb Code    90  timeget.o(.text)
    TIM3_IRQHandler                          0x08000bd3   Thumb Code    62  timeget.o(.text)
    SystemInit                               0x08000d05   Thumb Code    68  system_stm32f10x.o(.text)
    NVIC_PriorityGroupConfig                 0x08000d59   Thumb Code    10  misc.o(.text)
    NVIC_Init                                0x08000d63   Thumb Code   100  misc.o(.text)
    NVIC_SetVectorTable                      0x08000dc7   Thumb Code    14  misc.o(.text)
    NVIC_SystemLPConfig                      0x08000dd5   Thumb Code    34  misc.o(.text)
    SysTick_CLKSourceConfig                  0x08000df7   Thumb Code    40  misc.o(.text)
    RCC_DeInit                               0x08000e35   Thumb Code    62  stm32f10x_rcc.o(.text)
    RCC_HSEConfig                            0x08000e73   Thumb Code    70  stm32f10x_rcc.o(.text)
    RCC_GetFlagStatus                        0x08000eb9   Thumb Code    56  stm32f10x_rcc.o(.text)
    RCC_WaitForHSEStartUp                    0x08000ef1   Thumb Code    54  stm32f10x_rcc.o(.text)
    RCC_AdjustHSICalibrationValue            0x08000f27   Thumb Code    20  stm32f10x_rcc.o(.text)
    RCC_HSICmd                               0x08000f3b   Thumb Code     6  stm32f10x_rcc.o(.text)
    RCC_PLLConfig                            0x08000f41   Thumb Code    24  stm32f10x_rcc.o(.text)
    RCC_PLLCmd                               0x08000f59   Thumb Code     6  stm32f10x_rcc.o(.text)
    RCC_SYSCLKConfig                         0x08000f5f   Thumb Code    18  stm32f10x_rcc.o(.text)
    RCC_GetSYSCLKSource                      0x08000f71   Thumb Code    10  stm32f10x_rcc.o(.text)
    RCC_HCLKConfig                           0x08000f7b   Thumb Code    18  stm32f10x_rcc.o(.text)
    RCC_PCLK1Config                          0x08000f8d   Thumb Code    18  stm32f10x_rcc.o(.text)
    RCC_PCLK2Config                          0x08000f9f   Thumb Code    20  stm32f10x_rcc.o(.text)
    RCC_ITConfig                             0x08000fb3   Thumb Code    26  stm32f10x_rcc.o(.text)
    RCC_USBCLKConfig                         0x08000fcd   Thumb Code     8  stm32f10x_rcc.o(.text)
    RCC_ADCCLKConfig                         0x08000fd5   Thumb Code    18  stm32f10x_rcc.o(.text)
    RCC_LSEConfig                            0x08000fe7   Thumb Code    50  stm32f10x_rcc.o(.text)
    RCC_LSICmd                               0x08001019   Thumb Code     6  stm32f10x_rcc.o(.text)
    RCC_RTCCLKConfig                         0x0800101f   Thumb Code    12  stm32f10x_rcc.o(.text)
    RCC_RTCCLKCmd                            0x0800102b   Thumb Code     8  stm32f10x_rcc.o(.text)
    RCC_GetClocksFreq                        0x08001033   Thumb Code   192  stm32f10x_rcc.o(.text)
    RCC_AHBPeriphClockCmd                    0x080010f3   Thumb Code    26  stm32f10x_rcc.o(.text)
    RCC_APB2PeriphClockCmd                   0x0800110d   Thumb Code    26  stm32f10x_rcc.o(.text)
    RCC_APB1PeriphClockCmd                   0x08001127   Thumb Code    26  stm32f10x_rcc.o(.text)
    RCC_APB2PeriphResetCmd                   0x08001141   Thumb Code    26  stm32f10x_rcc.o(.text)
    RCC_APB1PeriphResetCmd                   0x0800115b   Thumb Code    26  stm32f10x_rcc.o(.text)
    RCC_BackupResetCmd                       0x08001175   Thumb Code     8  stm32f10x_rcc.o(.text)
    RCC_ClockSecuritySystemCmd               0x0800117d   Thumb Code     6  stm32f10x_rcc.o(.text)
    RCC_MCOConfig                            0x08001183   Thumb Code     6  stm32f10x_rcc.o(.text)
    RCC_ClearFlag                            0x08001189   Thumb Code    14  stm32f10x_rcc.o(.text)
    RCC_GetITStatus                          0x08001197   Thumb Code    20  stm32f10x_rcc.o(.text)
    RCC_ClearITPendingBit                    0x080011ab   Thumb Code     6  stm32f10x_rcc.o(.text)
    GPIO_DeInit                              0x080011d5   Thumb Code   188  stm32f10x_gpio.o(.text)
    GPIO_AFIODeInit                          0x08001291   Thumb Code    20  stm32f10x_gpio.o(.text)
    GPIO_Init                                0x080012a5   Thumb Code   278  stm32f10x_gpio.o(.text)
    GPIO_StructInit                          0x080013bb   Thumb Code    16  stm32f10x_gpio.o(.text)
    GPIO_ReadInputDataBit                    0x080013cb   Thumb Code    18  stm32f10x_gpio.o(.text)
    GPIO_ReadInputData                       0x080013dd   Thumb Code     8  stm32f10x_gpio.o(.text)
    GPIO_ReadOutputDataBit                   0x080013e5   Thumb Code    18  stm32f10x_gpio.o(.text)
    GPIO_ReadOutputData                      0x080013f7   Thumb Code     8  stm32f10x_gpio.o(.text)
    GPIO_SetBits                             0x080013ff   Thumb Code     4  stm32f10x_gpio.o(.text)
    GPIO_ResetBits                           0x08001403   Thumb Code     4  stm32f10x_gpio.o(.text)
    GPIO_WriteBit                            0x08001407   Thumb Code    10  stm32f10x_gpio.o(.text)
    GPIO_Write                               0x08001411   Thumb Code     4  stm32f10x_gpio.o(.text)
    GPIO_PinLockConfig                       0x08001415   Thumb Code    18  stm32f10x_gpio.o(.text)
    GPIO_EventOutputConfig                   0x08001427   Thumb Code    26  stm32f10x_gpio.o(.text)
    GPIO_EventOutputCmd                      0x08001441   Thumb Code     6  stm32f10x_gpio.o(.text)
    GPIO_PinRemapConfig                      0x08001447   Thumb Code   106  stm32f10x_gpio.o(.text)
    GPIO_EXTILineConfig                      0x080014b1   Thumb Code    66  stm32f10x_gpio.o(.text)
    USART_DeInit                             0x08001505   Thumb Code   146  stm32f10x_usart.o(.text)
    USART_Init                               0x08001597   Thumb Code   150  stm32f10x_usart.o(.text)
    USART_StructInit                         0x0800162d   Thumb Code    24  stm32f10x_usart.o(.text)
    USART_ClockInit                          0x08001645   Thumb Code    34  stm32f10x_usart.o(.text)
    USART_ClockStructInit                    0x08001667   Thumb Code    12  stm32f10x_usart.o(.text)
    USART_Cmd                                0x08001673   Thumb Code    24  stm32f10x_usart.o(.text)
    USART_ITConfig                           0x0800168b   Thumb Code    64  stm32f10x_usart.o(.text)
    USART_DMACmd                             0x080016cb   Thumb Code    18  stm32f10x_usart.o(.text)
    USART_SetAddress                         0x080016dd   Thumb Code    18  stm32f10x_usart.o(.text)
    USART_WakeUpConfig                       0x080016ef   Thumb Code    18  stm32f10x_usart.o(.text)
    USART_ReceiverWakeUpCmd                  0x08001701   Thumb Code    24  stm32f10x_usart.o(.text)
    USART_LINBreakDetectLengthConfig         0x08001719   Thumb Code    18  stm32f10x_usart.o(.text)
    USART_LINCmd                             0x0800172b   Thumb Code    24  stm32f10x_usart.o(.text)
    USART_SendData                           0x08001743   Thumb Code     8  stm32f10x_usart.o(.text)
    USART_ReceiveData                        0x0800174b   Thumb Code    10  stm32f10x_usart.o(.text)
    USART_SendBreak                          0x08001755   Thumb Code    10  stm32f10x_usart.o(.text)
    USART_SetGuardTime                       0x0800175f   Thumb Code    16  stm32f10x_usart.o(.text)
    USART_SetPrescaler                       0x0800176f   Thumb Code    16  stm32f10x_usart.o(.text)
    USART_SmartCardCmd                       0x0800177f   Thumb Code    24  stm32f10x_usart.o(.text)
    USART_SmartCardNACKCmd                   0x08001797   Thumb Code    24  stm32f10x_usart.o(.text)
    USART_HalfDuplexCmd                      0x080017af   Thumb Code    24  stm32f10x_usart.o(.text)
    USART_IrDAConfig                         0x080017c7   Thumb Code    18  stm32f10x_usart.o(.text)
    USART_IrDACmd                            0x080017d9   Thumb Code    24  stm32f10x_usart.o(.text)
    USART_GetFlagStatus                      0x080017f1   Thumb Code    18  stm32f10x_usart.o(.text)
    USART_ClearFlag                          0x08001803   Thumb Code     6  stm32f10x_usart.o(.text)
    USART_GetITStatus                        0x08001809   Thumb Code    76  stm32f10x_usart.o(.text)
    USART_ClearITPendingBit                  0x08001855   Thumb Code    20  stm32f10x_usart.o(.text)
    FLASH_SetLatency                         0x08001875   Thumb Code    18  stm32f10x_flash.o(.text)
    FLASH_HalfCycleAccessCmd                 0x08001887   Thumb Code    22  stm32f10x_flash.o(.text)
    FLASH_PrefetchBufferCmd                  0x0800189d   Thumb Code    22  stm32f10x_flash.o(.text)
    FLASH_Unlock                             0x080018b3   Thumb Code    12  stm32f10x_flash.o(.text)
    FLASH_Lock                               0x080018bf   Thumb Code    14  stm32f10x_flash.o(.text)
    FLASH_GetStatus                          0x080018cd   Thumb Code    48  stm32f10x_flash.o(.text)
    FLASH_WaitForLastOperation               0x08001917   Thumb Code    42  stm32f10x_flash.o(.text)
    FLASH_ErasePage                          0x08001941   Thumb Code    76  stm32f10x_flash.o(.text)
    FLASH_EraseAllPages                      0x0800198d   Thumb Code    72  stm32f10x_flash.o(.text)
    FLASH_EraseOptionBytes                   0x080019d5   Thumb Code   142  stm32f10x_flash.o(.text)
    FLASH_ProgramWord                        0x08001a63   Thumb Code   100  stm32f10x_flash.o(.text)
    FLASH_ProgramHalfWord                    0x08001ac7   Thumb Code    64  stm32f10x_flash.o(.text)
    FLASH_ProgramOptionByteData              0x08001b07   Thumb Code    72  stm32f10x_flash.o(.text)
    FLASH_EnableWriteProtection              0x08001b4f   Thumb Code   182  stm32f10x_flash.o(.text)
    FLASH_ReadOutProtection                  0x08001c05   Thumb Code   174  stm32f10x_flash.o(.text)
    FLASH_UserOptionByteConfig               0x08001cb3   Thumb Code    94  stm32f10x_flash.o(.text)
    FLASH_GetUserOptionByte                  0x08001d11   Thumb Code     8  stm32f10x_flash.o(.text)
    FLASH_GetWriteProtectionOptionByte       0x08001d19   Thumb Code     6  stm32f10x_flash.o(.text)
    FLASH_GetReadOutProtectionStatus         0x08001d1f   Thumb Code    20  stm32f10x_flash.o(.text)
    FLASH_GetPrefetchBufferStatus            0x08001d33   Thumb Code    20  stm32f10x_flash.o(.text)
    FLASH_ITConfig                           0x08001d47   Thumb Code    26  stm32f10x_flash.o(.text)
    FLASH_GetFlagStatus                      0x08001d61   Thumb Code    42  stm32f10x_flash.o(.text)
    FLASH_ClearFlag                          0x08001d8b   Thumb Code     6  stm32f10x_flash.o(.text)
    SPI_I2S_DeInit                           0x08001da1   Thumb Code    88  stm32f10x_spi.o(.text)
    SPI_Init                                 0x08001df9   Thumb Code    60  stm32f10x_spi.o(.text)
    I2S_Init                                 0x08001e35   Thumb Code   210  stm32f10x_spi.o(.text)
    SPI_StructInit                           0x08001f07   Thumb Code    24  stm32f10x_spi.o(.text)
    I2S_StructInit                           0x08001f1f   Thumb Code    20  stm32f10x_spi.o(.text)
    SPI_Cmd                                  0x08001f33   Thumb Code    24  stm32f10x_spi.o(.text)
    I2S_Cmd                                  0x08001f4b   Thumb Code    24  stm32f10x_spi.o(.text)
    SPI_I2S_ITConfig                         0x08001f63   Thumb Code    32  stm32f10x_spi.o(.text)
    SPI_I2S_DMACmd                           0x08001f83   Thumb Code    18  stm32f10x_spi.o(.text)
    SPI_I2S_SendData                         0x08001f95   Thumb Code     4  stm32f10x_spi.o(.text)
    SPI_I2S_ReceiveData                      0x08001f99   Thumb Code     6  stm32f10x_spi.o(.text)
    SPI_NSSInternalSoftwareConfig            0x08001f9f   Thumb Code    30  stm32f10x_spi.o(.text)
    SPI_SSOutputCmd                          0x08001fbd   Thumb Code    24  stm32f10x_spi.o(.text)
    SPI_DataSizeConfig                       0x08001fd5   Thumb Code    18  stm32f10x_spi.o(.text)
    SPI_TransmitCRC                          0x08001fe7   Thumb Code    10  stm32f10x_spi.o(.text)
    SPI_CalculateCRC                         0x08001ff1   Thumb Code    24  stm32f10x_spi.o(.text)
    SPI_GetCRC                               0x08002009   Thumb Code    16  stm32f10x_spi.o(.text)
    SPI_GetCRCPolynomial                     0x08002019   Thumb Code     6  stm32f10x_spi.o(.text)
    SPI_BiDirectionalLineConfig              0x0800201f   Thumb Code    28  stm32f10x_spi.o(.text)
    SPI_I2S_GetFlagStatus                    0x0800203b   Thumb Code    18  stm32f10x_spi.o(.text)
    SPI_I2S_ClearFlag                        0x0800204d   Thumb Code     6  stm32f10x_spi.o(.text)
    SPI_I2S_GetITStatus                      0x08002053   Thumb Code    52  stm32f10x_spi.o(.text)
    SPI_I2S_ClearITPendingBit                0x08002087   Thumb Code    20  stm32f10x_spi.o(.text)
    TIM_DeInit                               0x080020a1   Thumb Code   214  stm32f10x_tim.o(.text)
    TIM_TimeBaseInit                         0x08002177   Thumb Code    50  stm32f10x_tim.o(.text)
    TIM_OC1Init                              0x080021a9   Thumb Code   110  stm32f10x_tim.o(.text)
    TIM_OC2Init                              0x08002217   Thumb Code   148  stm32f10x_tim.o(.text)
    TIM_OC3Init                              0x080022ab   Thumb Code   144  stm32f10x_tim.o(.text)
    TIM_OC4Init                              0x0800233b   Thumb Code   106  stm32f10x_tim.o(.text)
    TIM_SetIC4Prescaler                      0x080023a5   Thumb Code    26  stm32f10x_tim.o(.text)
    TIM_SetIC3Prescaler                      0x08002411   Thumb Code    18  stm32f10x_tim.o(.text)
    TIM_SetIC2Prescaler                      0x0800246b   Thumb Code    42  stm32f10x_tim.o(.text)
    TIM_SetIC1Prescaler                      0x080024e5   Thumb Code    18  stm32f10x_tim.o(.text)
    TIM_ICInit                               0x0800252f   Thumb Code   110  stm32f10x_tim.o(.text)
    TIM_PWMIConfig                           0x0800259d   Thumb Code   124  stm32f10x_tim.o(.text)
    TIM_BDTRConfig                           0x08002619   Thumb Code    32  stm32f10x_tim.o(.text)
    TIM_TimeBaseStructInit                   0x08002639   Thumb Code    18  stm32f10x_tim.o(.text)
    TIM_OCStructInit                         0x0800264b   Thumb Code    20  stm32f10x_tim.o(.text)
    TIM_ICStructInit                         0x0800265f   Thumb Code    18  stm32f10x_tim.o(.text)
    TIM_BDTRStructInit                       0x08002671   Thumb Code    18  stm32f10x_tim.o(.text)
    TIM_Cmd                                  0x08002683   Thumb Code    24  stm32f10x_tim.o(.text)
    TIM_CtrlPWMOutputs                       0x0800269b   Thumb Code    30  stm32f10x_tim.o(.text)
    TIM_ITConfig                             0x080026b9   Thumb Code    18  stm32f10x_tim.o(.text)
    TIM_GenerateEvent                        0x080026cb   Thumb Code     4  stm32f10x_tim.o(.text)
    TIM_DMAConfig                            0x080026cf   Thumb Code    10  stm32f10x_tim.o(.text)
    TIM_DMACmd                               0x080026d9   Thumb Code    18  stm32f10x_tim.o(.text)
    TIM_InternalClockConfig                  0x080026eb   Thumb Code    12  stm32f10x_tim.o(.text)
    TIM_SelectInputTrigger                   0x080026f7   Thumb Code    18  stm32f10x_tim.o(.text)
    TIM_ITRxExternalClockConfig              0x08002709   Thumb Code    24  stm32f10x_tim.o(.text)
    TIM_TIxExternalClockConfig               0x08002721   Thumb Code    62  stm32f10x_tim.o(.text)
    TIM_ETRConfig                            0x0800275f   Thumb Code    30  stm32f10x_tim.o(.text)
    TIM_ETRClockMode1Config                  0x0800277d   Thumb Code    54  stm32f10x_tim.o(.text)
    TIM_ETRClockMode2Config                  0x080027b3   Thumb Code    32  stm32f10x_tim.o(.text)
    TIM_PrescalerConfig                      0x080027d3   Thumb Code     6  stm32f10x_tim.o(.text)
    TIM_CounterModeConfig                    0x080027d9   Thumb Code    18  stm32f10x_tim.o(.text)
    TIM_EncoderInterfaceConfig               0x080027eb   Thumb Code    66  stm32f10x_tim.o(.text)
    TIM_ForcedOC1Config                      0x0800282d   Thumb Code    18  stm32f10x_tim.o(.text)
    TIM_ForcedOC2Config                      0x0800283f   Thumb Code    26  stm32f10x_tim.o(.text)
    TIM_ForcedOC3Config                      0x08002859   Thumb Code    18  stm32f10x_tim.o(.text)
    TIM_ForcedOC4Config                      0x0800286b   Thumb Code    26  stm32f10x_tim.o(.text)
    TIM_ARRPreloadConfig                     0x08002885   Thumb Code    24  stm32f10x_tim.o(.text)
    TIM_SelectCOM                            0x0800289d   Thumb Code    24  stm32f10x_tim.o(.text)
    TIM_SelectCCDMA                          0x080028b5   Thumb Code    24  stm32f10x_tim.o(.text)
    TIM_CCPreloadControl                     0x080028cd   Thumb Code    24  stm32f10x_tim.o(.text)
    TIM_OC1PreloadConfig                     0x080028e5   Thumb Code    18  stm32f10x_tim.o(.text)
    TIM_OC2PreloadConfig                     0x080028f7   Thumb Code    26  stm32f10x_tim.o(.text)
    TIM_OC3PreloadConfig                     0x08002911   Thumb Code    18  stm32f10x_tim.o(.text)
    TIM_OC4PreloadConfig                     0x08002923   Thumb Code    26  stm32f10x_tim.o(.text)
    TIM_OC1FastConfig                        0x0800293d   Thumb Code    18  stm32f10x_tim.o(.text)
    TIM_OC2FastConfig                        0x0800294f   Thumb Code    26  stm32f10x_tim.o(.text)
    TIM_OC3FastConfig                        0x08002969   Thumb Code    18  stm32f10x_tim.o(.text)
    TIM_OC4FastConfig                        0x0800297b   Thumb Code    26  stm32f10x_tim.o(.text)
    TIM_ClearOC1Ref                          0x08002995   Thumb Code    18  stm32f10x_tim.o(.text)
    TIM_ClearOC2Ref                          0x080029a7   Thumb Code    24  stm32f10x_tim.o(.text)
    TIM_ClearOC3Ref                          0x080029bf   Thumb Code    18  stm32f10x_tim.o(.text)
    TIM_ClearOC4Ref                          0x080029d1   Thumb Code    24  stm32f10x_tim.o(.text)
    TIM_OC1PolarityConfig                    0x080029e9   Thumb Code    18  stm32f10x_tim.o(.text)
    TIM_OC1NPolarityConfig                   0x080029fb   Thumb Code    18  stm32f10x_tim.o(.text)
    TIM_OC2PolarityConfig                    0x08002a0d   Thumb Code    26  stm32f10x_tim.o(.text)
    TIM_OC2NPolarityConfig                   0x08002a27   Thumb Code    26  stm32f10x_tim.o(.text)
    TIM_OC3PolarityConfig                    0x08002a41   Thumb Code    26  stm32f10x_tim.o(.text)
    TIM_OC3NPolarityConfig                   0x08002a5b   Thumb Code    26  stm32f10x_tim.o(.text)
    TIM_OC4PolarityConfig                    0x08002a75   Thumb Code    26  stm32f10x_tim.o(.text)
    TIM_CCxCmd                               0x08002a8f   Thumb Code    26  stm32f10x_tim.o(.text)
    TIM_CCxNCmd                              0x08002aa9   Thumb Code    26  stm32f10x_tim.o(.text)
    TIM_SelectOCxM                           0x08002ac3   Thumb Code   134  stm32f10x_tim.o(.text)
    TIM_UpdateDisableConfig                  0x08002b49   Thumb Code    24  stm32f10x_tim.o(.text)
    TIM_UpdateRequestConfig                  0x08002b61   Thumb Code    24  stm32f10x_tim.o(.text)
    TIM_SelectHallSensor                     0x08002b79   Thumb Code    24  stm32f10x_tim.o(.text)
    TIM_SelectOnePulseMode                   0x08002b91   Thumb Code    18  stm32f10x_tim.o(.text)
    TIM_SelectOutputTrigger                  0x08002ba3   Thumb Code    18  stm32f10x_tim.o(.text)
    TIM_SelectSlaveMode                      0x08002bb5   Thumb Code    18  stm32f10x_tim.o(.text)
    TIM_SelectMasterSlaveMode                0x08002bc7   Thumb Code    18  stm32f10x_tim.o(.text)
    TIM_SetCounter                           0x08002bd9   Thumb Code     4  stm32f10x_tim.o(.text)
    TIM_SetAutoreload                        0x08002bdd   Thumb Code     4  stm32f10x_tim.o(.text)
    TIM_SetCompare1                          0x08002be1   Thumb Code     4  stm32f10x_tim.o(.text)
    TIM_SetCompare2                          0x08002be5   Thumb Code     4  stm32f10x_tim.o(.text)
    TIM_SetCompare3                          0x08002be9   Thumb Code     4  stm32f10x_tim.o(.text)
    TIM_SetCompare4                          0x08002bed   Thumb Code     6  stm32f10x_tim.o(.text)
    TIM_SetClockDivision                     0x08002bf3   Thumb Code    14  stm32f10x_tim.o(.text)
    TIM_GetCapture1                          0x08002c01   Thumb Code     6  stm32f10x_tim.o(.text)
    TIM_GetCapture2                          0x08002c07   Thumb Code     6  stm32f10x_tim.o(.text)
    TIM_GetCapture3                          0x08002c0d   Thumb Code     6  stm32f10x_tim.o(.text)
    TIM_GetCapture4                          0x08002c13   Thumb Code     8  stm32f10x_tim.o(.text)
    TIM_GetCounter                           0x08002c1b   Thumb Code     6  stm32f10x_tim.o(.text)
    TIM_GetPrescaler                         0x08002c21   Thumb Code     6  stm32f10x_tim.o(.text)
    TIM_GetFlagStatus                        0x08002c27   Thumb Code    18  stm32f10x_tim.o(.text)
    TIM_ClearFlag                            0x08002c39   Thumb Code     6  stm32f10x_tim.o(.text)
    TIM_GetITStatus                          0x08002c3f   Thumb Code    34  stm32f10x_tim.o(.text)
    TIM_ClearITPendingBit                    0x08002c61   Thumb Code     6  stm32f10x_tim.o(.text)
    __aeabi_memset                           0x08002c67   Thumb Code    14  memseta.o(.text)
    __aeabi_memset4                          0x08002c67   Thumb Code     0  memseta.o(.text)
    __aeabi_memset8                          0x08002c67   Thumb Code     0  memseta.o(.text)
    __aeabi_memclr                           0x08002c75   Thumb Code     4  memseta.o(.text)
    __aeabi_memclr4                          0x08002c75   Thumb Code     0  memseta.o(.text)
    __aeabi_memclr8                          0x08002c75   Thumb Code     0  memseta.o(.text)
    _memset$wrapper                          0x08002c79   Thumb Code    18  memseta.o(.text)
    __aeabi_uidiv                            0x08002c8b   Thumb Code     0  uidiv.o(.text)
    __aeabi_uidivmod                         0x08002c8b   Thumb Code    44  uidiv.o(.text)
    __scatterload                            0x08002cb9   Thumb Code    28  init.o(.text)
    __scatterload_rt2                        0x08002cb9   Thumb Code     0  init.o(.text)
    __0printf$1                              0x08002cdd   Thumb Code    22  printf1.o(i.__0printf$1)
    __1printf$1                              0x08002cdd   Thumb Code     0  printf1.o(i.__0printf$1)
    __2printf                                0x08002cdd   Thumb Code     0  printf1.o(i.__0printf$1)
    __0sprintf$1                             0x08002cfd   Thumb Code    34  printf1.o(i.__0sprintf$1)
    __1sprintf$1                             0x08002cfd   Thumb Code     0  printf1.o(i.__0sprintf$1)
    __2sprintf                               0x08002cfd   Thumb Code     0  printf1.o(i.__0sprintf$1)
    __scatterload_copy                       0x08002d25   Thumb Code    14  handlers.o(i.__scatterload_copy)
    __scatterload_null                       0x08002d33   Thumb Code     2  handlers.o(i.__scatterload_null)
    __scatterload_zeroinit                   0x08002d35   Thumb Code    14  handlers.o(i.__scatterload_zeroinit)
    RFM96FreqTbl                             0x08002ea2   Data           6  sx1276-lora.o(.constdata)
    RFM96PowerTbl                            0x08002ea8   Data           8  sx1276-lora.o(.constdata)
    RFM96SpreadFactorTbl                     0x08002eb0   Data           6  sx1276-lora.o(.constdata)
    RFM96LoRaBwTbl                           0x08002eb6   Data          10  sx1276-lora.o(.constdata)
    RFM96Data                                0x08002ec0   Data          22  sx1276-lora.o(.constdata)
    Region$$Table$$Base                      0x08002ee0   Number         0  anon$$obj.o(Region$$Table)
    Region$$Table$$Limit                     0x08002f00   Number         0  anon$$obj.o(Region$$Table)
    Counter                                  0x20000000   Data           2  main.o(.data)
    Msec                                     0x20000002   Data           2  main.o(.data)
    Counterflg                               0x20000004   Data           1  main.o(.data)
    rfName                                   0x20000008   Data           4  rf.o(.data)
    iSend                                    0x2000000c   Data           2  rf.o(.data)
    iRev                                     0x2000000e   Data           2  rf.o(.data)
    HSEStartUpStatus1                        0x20000010   Data           1  usart1.o(.data)
    gtmp                                     0x20000016   Data           1  sx1276-lora.o(.data)
    __stdout                                 0x2000002c   Data           4  stdout.o(.data)
    sendBuf                                  0x20000030   Data          64  rf.o(.bss)
    revBuf                                   0x20000070   Data         128  rf.o(.bss)
    __initial_sp                             0x200002f0   Data           0  startup_stm32f10x_hd.o(STACK)



==============================================================================

Memory Map of the image

  Image Entry point : 0x08000131

  Load Region LR_IROM1 (Base: 0x08000000, Size: 0x00002f30, Max: 0x00040000, ABSOLUTE)

    Execution Region ER_IROM1 (Base: 0x08000000, Size: 0x00002f00, Max: 0x00040000, ABSOLUTE)

    Base Addr    Size         Type   Attr      Idx    E Section Name        Object

    0x08000000   0x00000130   Data   RO            3    RESET               startup_stm32f10x_hd.o
    0x08000130   0x00000000   Code   RO          409  * .ARM.Collect$$$$00000000  mc_w.l(entry.o)
    0x08000130   0x00000004   Code   RO          675    .ARM.Collect$$$$00000001  mc_w.l(entry2.o)
    0x08000134   0x00000004   Code   RO          678    .ARM.Collect$$$$00000004  mc_w.l(entry5.o)
    0x08000138   0x00000000   Code   RO          680    .ARM.Collect$$$$00000008  mc_w.l(entry7b.o)
    0x08000138   0x00000000   Code   RO          682    .ARM.Collect$$$$0000000A  mc_w.l(entry8b.o)
    0x08000138   0x00000008   Code   RO          683    .ARM.Collect$$$$0000000B  mc_w.l(entry9a.o)
    0x08000140   0x00000000   Code   RO          685    .ARM.Collect$$$$0000000D  mc_w.l(entry10a.o)
    0x08000140   0x00000000   Code   RO          687    .ARM.Collect$$$$0000000F  mc_w.l(entry11a.o)
    0x08000140   0x00000004   Code   RO          676    .ARM.Collect$$$$00002712  mc_w.l(entry2.o)
    0x08000144   0x00000030   Code   RO            4    .text               startup_stm32f10x_hd.o
    0x08000174   0x0000007c   Code   RO           10    .text               main.o
    0x080001f0   0x0000001c   Code   RO           93    .text               stm32f10x_it.o
    0x0800020c   0x000000bc   Code   RO          111    .text               rf.o
    0x080002c8   0x0000017c   Code   RO          162    .text               usart1.o
    0x08000444   0x000000d4   Code   RO          201    .text               delay.o
    0x08000518   0x000000bc   Code   RO          218    .text               spi.o
    0x080005d4   0x00000178   Code   RO          233    .text               gpio.o
    0x0800074c   0x0000042c   Code   RO          245    .text               sx1276-lora.o
    0x08000b78   0x000000a8   Code   RO          267    .text               timeget.o
    0x08000c20   0x00000138   Code   RO          290    .text               system_stm32f10x.o
    0x08000d58   0x000000dc   Code   RO          308    .text               misc.o
    0x08000e34   0x000003a0   Code   RO          320    .text               stm32f10x_rcc.o
    0x080011d4   0x00000330   Code   RO          334    .text               stm32f10x_gpio.o
    0x08001504   0x00000370   Code   RO          346    .text               stm32f10x_usart.o
    0x08001874   0x0000052c   Code   RO          358    .text               stm32f10x_flash.o
    0x08001da0   0x00000300   Code   RO          385    .text               stm32f10x_spi.o
    0x080020a0   0x00000bc6   Code   RO          397    .text               stm32f10x_tim.o
    0x08002c66   0x00000024   Code   RO          412    .text               mc_w.l(memseta.o)
    0x08002c8a   0x0000002c   Code   RO          690    .text               mc_w.l(uidiv.o)
    0x08002cb6   0x00000002   PAD
    0x08002cb8   0x00000024   Code   RO          705    .text               mc_w.l(init.o)
    0x08002cdc   0x00000020   Code   RO          459    i.__0printf$1       mc_w.l(printf1.o)
    0x08002cfc   0x00000028   Code   RO          461    i.__0sprintf$1      mc_w.l(printf1.o)
    0x08002d24   0x0000000e   Code   RO          717    i.__scatterload_copy  mc_w.l(handlers.o)
    0x08002d32   0x00000002   Code   RO          718    i.__scatterload_null  mc_w.l(handlers.o)
    0x08002d34   0x0000000e   Code   RO          719    i.__scatterload_zeroinit  mc_w.l(handlers.o)
    0x08002d42   0x00000002   PAD
    0x08002d44   0x00000154   Code   RO          466    i._printf_core      mc_w.l(printf1.o)
    0x08002e98   0x0000000a   Code   RO          468    i._sputc            mc_w.l(printf1.o)
    0x08002ea2   0x00000034   Data   RO          246    .constdata          sx1276-lora.o
    0x08002ed6   0x00000002   PAD
    0x08002ed8   0x00000007   Data   RO          113    .conststring        rf.o
    0x08002edf   0x00000001   PAD
    0x08002ee0   0x00000020   Data   RO          715    Region$$Table       anon$$obj.o


    Execution Region RW_IRAM1 (Base: 0x20000000, Size: 0x000002f0, Max: 0x0000c000, ABSOLUTE)

    Base Addr    Size         Type   Attr      Idx    E Section Name        Object

    0x20000000   0x00000005   Data   RW           11    .data               main.o
    0x20000005   0x00000003   PAD
    0x20000008   0x00000008   Data   RW          114    .data               rf.o
    0x20000010   0x00000001   Data   RW          163    .data               usart1.o
    0x20000011   0x00000001   PAD
    0x20000012   0x00000004   Data   RW          202    .data               delay.o
    0x20000016   0x00000001   Data   RW          247    .data               sx1276-lora.o
    0x20000017   0x00000014   Data   RW          321    .data               stm32f10x_rcc.o
    0x2000002b   0x00000001   PAD
    0x2000002c   0x00000004   Data   RW          689    .data               mc_w.l(stdout.o)
    0x20000030   0x000000c0   Zero   RW          112    .bss                rf.o
    0x200000f0   0x00000200   Zero   RW            1    STACK               startup_stm32f10x_hd.o


==============================================================================

Image component sizes


      Code (inc. data)   RO Data    RW Data    ZI Data      Debug   Object Name

       212         10          0          4          0       1322   delay.o
       376         12          0          0          0       1174   gpio.o
       124         28          0          5          0     245889   main.o
       220         22          0          0          0       1957   misc.o
       188         26          7          8        192     205302   rf.o
       188         10          0          0          0       7909   spi.o
        48         12        304          0        512        976   startup_stm32f10x_hd.o
      1324         34          0          0          0       7462   stm32f10x_flash.o
       816         18          0          0          0       5411   stm32f10x_gpio.o
        28          0          0          0          0       1400   stm32f10x_it.o
       928         36          0         20          0       9092   stm32f10x_rcc.o
       768          6          0          0          0       6558   stm32f10x_spi.o
      3014         16          0          0          0      24736   stm32f10x_tim.o
       880         12          0          0          0       8035   stm32f10x_usart.o
      1068         32         52          1          0       5544   sx1276-lora.o
       312         16          0          0          0       1385   system_stm32f10x.o
       168         16          0          0          0        872   timeget.o
       380         48          0          1          0      14490   usart1.o

    ----------------------------------------------------------------------
     11042        354        398         44        704     549514   Object Totals
         0          0         32          0          0          0   (incl. Generated)
         0          0          3          5          0          0   (incl. Padding)

    ----------------------------------------------------------------------

      Code (inc. data)   RO Data    RW Data    ZI Data      Debug   Library Member Name

         0          0          0          0          0          0   entry.o
         0          0          0          0          0          0   entry10a.o
         0          0          0          0          0          0   entry11a.o
         8          4          0          0          0          0   entry2.o
         4          0          0          0          0          0   entry5.o
         0          0          0          0          0          0   entry7b.o
         0          0          0          0          0          0   entry8b.o
         8          4          0          0          0          0   entry9a.o
        30          0          0          0          0          0   handlers.o
        36          8          0          0          0         68   init.o
        36          0          0          0          0        108   memseta.o
       422         20          0          0          0        336   printf1.o
         0          0          0          4          0          0   stdout.o
        44          0          0          0          0         80   uidiv.o

    ----------------------------------------------------------------------
       592         36          0          4          0        592   Library Totals
         4          0          0          0          0          0   (incl. Padding)

    ----------------------------------------------------------------------

      Code (inc. data)   RO Data    RW Data    ZI Data      Debug   Library Name

       588         36          0          4          0        592   mc_w.l

    ----------------------------------------------------------------------
       592         36          0          4          0        592   Library Totals

    ----------------------------------------------------------------------

==============================================================================


      Code (inc. data)   RO Data    RW Data    ZI Data      Debug   

     11634        390        398         48        704     548542   Grand Totals
     11634        390        398         48        704     548542   ELF Image Totals
     11634        390        398         48          0          0   ROM Totals

==============================================================================

    Total RO  Size (Code + RO Data)                12032 (  11.75kB)
    Total RW  Size (RW Data + ZI Data)               752 (   0.73kB)
    Total ROM Size (Code + RO Data + RW Data)      12080 (  11.80kB)

==============================================================================

