<html>
<body>
<pre>
<h1>µVision Build Log</h1>
<h2>Tool Versions:</h2>
IDE-Version: ¦ÌVision V5.22.0.0
Copyright (C) 2016 ARM Ltd and ARM Germany GmbH. All rights reserved.
License Information: LU RUI, SUSTC, LIC=----
 
Tool Versions:
Toolchain:       MDK-Lite  Version: 5.22
Toolchain Path:  D:\Program Files\Keiluv522\ARM\ARMCC\Bin
C Compiler:      Armcc.exe V5.06 update 4 (build 422)
Assembler:       Armasm.exe V5.06 update 4 (build 422)
Linker/Locator:  ArmLink.exe V5.06 update 4 (build 422)
Library Manager: ArmAr.exe V5.06 update 4 (build 422)
Hex Converter:   FromElf.exe V5.06 update 4 (build 422)
CPU DLL:         SARMCM3.DLL V5.22
Dialog DLL:      DCM.DLL V1.13.9.0
Target DLL:      STLink\ST-LINKIII-KEIL_SWO.dll V2.0.18.0
Dialog DLL:      TCM.DLL V1.21.0.0
 
<h2>Project:</h2>
C:\Users\Â¬î£\Desktop\SX1278²âÊÔ³ÌÐò 2017 4 10\STM32_SX1278 -smt ·¢ËÍ¶Ë\STM32_SX1278 -smt ·¢ËÍ¶Ë\Project\STM32RF.uvprojx
Project File Date:  07/06/2017

<h2>Output:</h2>
*** Using Compiler 'V5.06 update 4 (build 422)', folder: 'D:\Program Files\Keiluv522\ARM\ARMCC\Bin'
Rebuild target 'STM32RF'
assembling startup_stm32f10x_hd.s...
compiling sx1276-LoRaMisc.c...
compiling rf.c...
..\Source\Application\main\rf.c(77): warning:  #223-D: function "printf" declared implicitly
  				printf("%d",sendBuf[t]);
..\Source\Application\main\rf.c: 1 warning, 0 errors
compiling stm32f10x_it.c...
compiling Delay.c...
compiling I2C.c...
compiling main.c...
compiling usart1.c...
compiling core_cm3.c...
compiling SPI.c...
compiling gpio.c...
compiling timeget.c...
compiling system_stm32f10x.c...
compiling misc.c...
compiling sx1276-LoRa.c...
compiling stm32f10x_rcc.c...
compiling stm32f10x_gpio.c...
compiling stm32f10x_usart.c...
compiling stm32f10x_spi.c...
compiling stm32f10x_i2c.c...
compiling stm32f10x_flash.c...
compiling stm32f10x_tim.c...
linking...
Program Size: Code=11634 RO-data=398 RW-data=48 ZI-data=704  
FromELF: creating hex file...
".\Obj\STM32_Demo.axf" - 0 Error(s), 1 Warning(s).

<h2>Software Packages used:</h2>

Package Vendor: ARM
                http://www.keil.com/pack/ARM.CMSIS.5.0.0.pack
                ARM::CMSIS:CORE:5.0.0
                CMSIS (Cortex Microcontroller Software Interface Standard)
   * Component: CORE Version: 5.0.0

<h2>Collection of Component include folders:</h2>
  C:\Users\Â¬î£\Desktop\SX1278²âÊÔ³ÌÐò 2017 4 10\STM32_SX1278 -smt ·¢ËÍ¶Ë\STM32_SX1278 -smt ·¢ËÍ¶Ë\Project\RTE\_STM32RF
  D:\Program Files\Keiluv522\ARM\PACK\ARM\CMSIS\5.0.0\CMSIS\Include
  D:\Program Files\Keiluv522\ARM\PACK\Keil\STM32F1xx_DFP\2.2.0\Device\Include

<h2>Collection of Component Files used:</h2>

   * Component: ARM::CMSIS:CORE:5.0.0
Build Time Elapsed:  00:00:02
</pre>
</body>
</html>
